[0m[1mbun test [0m[2mv1.3.9 (cf6cdbbb)[0m
01:30:04.426 [App][DEBUG] Generated performance drilldown SQL {
  [0msegmentTag[2m:[0m [0m[32m[0m[32m"all"[0m[0m[0m[2m,[0m
  [0mtimePeriod[2m:[0m [0m[32m[0m[32m"week"[0m[0m[0m[2m,[0m
  [0mgrowthMode[2m:[0m [0m[32m[0m[32m"mom"[0m[0m[0m[2m,[0m
  [0mgroupBy[2m:[0m [0m[32m[0m[32m"org_level_3"[0m[0m[0m[2m,[0m
  [0mdrillDepth[2m:[0m [0m[33m0[0m[0m[2m,[0m
  [0msqlLength[2m:[0m [0m[33m7253[0m[0m[2m,[0m
}
01:30:04.426 [App][DEBUG] Generated performance drilldown SQL {
  [0msegmentTag[2m:[0m [0m[32m[0m[32m"all"[0m[0m[0m[2m,[0m
  [0mtimePeriod[2m:[0m [0m[32m[0m[32m"month"[0m[0m[0m[2m,[0m
  [0mgrowthMode[2m:[0m [0m[32m[0m[32m"mom"[0m[0m[0m[2m,[0m
  [0mgroupBy[2m:[0m [0m[32m[0m[32m"org_level_3"[0m[0m[0m[2m,[0m
  [0mdrillDepth[2m:[0m [0m[33m0[0m[0m[2m,[0m
  [0msqlLength[2m:[0m [0m[33m7258[0m[0m[2m,[0m
}
01:30:04.474 [App][DEBUG] Generating cross-sell query {
  [0mbaseWhereClause[2m:[0m [0m[32m[0m[32m"1=1"[0m[0m[0m[2m,[0m
  [0mdrillPath[2m:[0m [][0m[2m,[0m
  [0mgroupBy[2m:[0m [0m[33mnull[0m[0m[2m,[0m
}
01:30:04.474 [App][DEBUG] Generating cross-sell time period summary query {
  [0mbaseWhereClause[2m:[0m [0m[32m[0m[32m"1=1"[0m[0m[0m[2m,[0m
  [0mvehicleCategory[2m:[0m [0m[32m[0m[32m"passenger"[0m[0m[0m[2m,[0m
}
01:30:04.474 [App][DEBUG] Generated cross-sell time period summary SQL {
  [0msqlLength[2m:[0m [0m[33m16935[0m[0m[2m,[0m
}
01:30:04.474 [App][DEBUG] Generating cross-sell trend query {
  [0mvehicleCategory[2m:[0m [0m[32m[0m[32m"passenger"[0m[0m[0m[2m,[0m
  [0mgranularity[2m:[0m [0m[32m[0m[32m"monthly"[0m[0m[0m[2m,[0m
}
01:30:04.474 [App][DEBUG] Generated cross-sell trend SQL {
  [0msqlLength[2m:[0m [0m[33m2337[0m[0m[2m,[0m
}
01:30:04.479 [App][DEBUG] Generated performance summary SQL {
  [0msegmentTag[2m:[0m [0m[32m[0m[32m"all"[0m[0m[0m[2m,[0m
  [0mtimePeriod[2m:[0m [0m[32m[0m[32m"month"[0m[0m[0m[2m,[0m
  [0mgrowthMode[2m:[0m [0m[32m[0m[32m"mom"[0m[0m[0m[2m,[0m
  [0mexpandDims[2m:[0m [0m[32m[0m[32m"none"[0m[0m[0m[2m,[0m
  [0msqlLength[2m:[0m [0m[33m8431[0m[0m[2m,[0m
}
01:30:04.479 [App][DEBUG] Generated performance summary SQL {
  [0msegmentTag[2m:[0m [0m[32m[0m[32m"all"[0m[0m[0m[2m,[0m
  [0mtimePeriod[2m:[0m [0m[32m[0m[32m"month"[0m[0m[0m[2m,[0m
  [0mgrowthMode[2m:[0m [0m[32m[0m[32m"mom"[0m[0m[0m[2m,[0m
  [0mexpandDims[2m:[0m [0m[32m[0m[32m"energy_business_nature"[0m[0m[0m[2m,[0m
  [0msqlLength[2m:[0m [0m[33m14089[0m[0m[2m,[0m
}
01:30:04.479 [App][DEBUG] Generated performance summary SQL {
  [0msegmentTag[2m:[0m [0m[32m[0m[32m"all"[0m[0m[0m[2m,[0m
  [0mtimePeriod[2m:[0m [0m[32m[0m[32m"month"[0m[0m[0m[2m,[0m
  [0mgrowthMode[2m:[0m [0m[32m[0m[32m"mom"[0m[0m[0m[2m,[0m
  [0mexpandDims[2m:[0m [0m[32m[0m[32m"none"[0m[0m[0m[2m,[0m
  [0msqlLength[2m:[0m [0m[33m8431[0m[0m[2m,[0m
}
01:30:04.479 [App][DEBUG] Generated performance summary SQL {
  [0msegmentTag[2m:[0m [0m[32m[0m[32m"all"[0m[0m[0m[2m,[0m
  [0mtimePeriod[2m:[0m [0m[32m[0m[32m"month"[0m[0m[0m[2m,[0m
  [0mgrowthMode[2m:[0m [0m[32m[0m[32m"yoy"[0m[0m[0m[2m,[0m
  [0mexpandDims[2m:[0m [0m[32m[0m[32m"none"[0m[0m[0m[2m,[0m
  [0msqlLength[2m:[0m [0m[33m8410[0m[0m[2m,[0m
}
01:30:04.479 [App][DEBUG] Generated performance trend SQL {
  [0msegmentTag[2m:[0m [0m[32m[0m[32m"all"[0m[0m[0m[2m,[0m
  [0mgranularity[2m:[0m [0m[32m[0m[32m"monthly"[0m[0m[0m[2m,[0m
  [0msqlLength[2m:[0m [0m[33m3564[0m[0m[2m,[0m
}
01:30:04.479 [App][DEBUG] Generated performance drilldown SQL {
  [0msegmentTag[2m:[0m [0m[32m[0m[32m"all"[0m[0m[0m[2m,[0m
  [0mtimePeriod[2m:[0m [0m[32m[0m[32m"week"[0m[0m[0m[2m,[0m
  [0mgrowthMode[2m:[0m [0m[32m[0m[32m"mom"[0m[0m[0m[2m,[0m
  [0mgroupBy[2m:[0m [0m[32m[0m[32m"org_level_3"[0m[0m[0m[2m,[0m
  [0mdrillDepth[2m:[0m [0m[33m0[0m[0m[2m,[0m
  [0msqlLength[2m:[0m [0m[33m7253[0m[0m[2m,[0m
}
01:30:04.479 [App][DEBUG] Generated performance drilldown SQL {
  [0msegmentTag[2m:[0m [0m[32m[0m[32m"all"[0m[0m[0m[2m,[0m
  [0mtimePeriod[2m:[0m [0m[32m[0m[32m"week"[0m[0m[0m[2m,[0m
  [0mgrowthMode[2m:[0m [0m[32m[0m[32m"mom"[0m[0m[0m[2m,[0m
  [0mgroupBy[2m:[0m [0m[32m[0m[32m"customer_category"[0m[0m[0m[2m,[0m
  [0mdrillDepth[2m:[0m [0m[33m0[0m[0m[2m,[0m
  [0msqlLength[2m:[0m [0m[33m7261[0m[0m[2m,[0m
}
01:30:04.479 [App][DEBUG] Generated performance top-salesman SQL {
  [0msegmentTag[2m:[0m [0m[32m[0m[32m"motorcycle"[0m[0m[0m[2m,[0m
  [0mtimePeriod[2m:[0m [0m[32m[0m[32m"day"[0m[0m[0m[2m,[0m
  [0mgrowthMode[2m:[0m [0m[32m[0m[32m"mom"[0m[0m[0m[2m,[0m
  [0mlimit[2m:[0m [0m[33m20[0m[0m[2m,[0m
  [0msqlLength[2m:[0m [0m[33m10656[0m[0m[2m,[0m
}
  ✅ formatPremium 使用: 7 个组件
  ✅ formatRate 使用: 4 个组件
  ℹ️  formatNumber 使用: 0 个组件
  ✅ formatters.test.ts 包含 14 个测试用例

  📋 已迁移组件列表:
    1. src/widgets/charts/LineChart.tsx
    2. src/widgets/charts/RoseChart.tsx
    3. src/widgets/charts/OrgPremiumPieChart.tsx
    4. src/features/dashboard/PremiumDashboard.tsx
    5. src/features/growth/components/GrowthAnalysisPanel.tsx
    6. src/features/cost/components/ClaimRatioTable.tsx
    7. src/features/cost/components/EarnedPremiumTable.tsx

01:30:04.759 [InsightGenerator][DEBUG] 配置信息 {
  [0mmodel[2m:[0m [0m[32m[0m[32m"glm-4.7-flash"[0m[0m[0m[2m,[0m
  [0mhasApiKey[2m:[0m [0m[33mfalse[0m[0m[2m,[0m
  [0mnote[2m:[0m [0m[32m[0m[32m"使用标准 API + 免费模型"[0m[0m[0m[2m,[0m
}
